[
  {
    "id_ordem": "SEM OP ESPECIFICADA",
    "desc_ordem_producao": "",
    "codigo_produto": "",
    "detalhes": "",
    "qtde": "",
    "dt_conclusao_estimada": ""
  }
],
[
  {
    "id_ordem": "SEM OP ESPECIFICADA",
    "desc_ordem_producao": "",
    "codigo_produto": "",
    "detalhes": "",
    "qtde": "",
    "dt_conclusao_estimada": ""
  }
],
[
  {
    "id_ordem": "SEM OP ESPECIFICADA",
    "desc_ordem_producao": "",
    "codigo_produto": "",
    "detalhes": "",
    "qtde": "",
    "dt_conclusao_estimada": ""
  }
],
[
  {
    "id_ordem": "SEM OP ESPECIFICADA",
    "desc_ordem_producao": "",
    "codigo_produto": "",
    "detalhes": "",
    "qtde": "",
    "dt_conclusao_estimada": ""
  }
],
[
  {
    "id_ordem": "SEM OP ESPECIFICADA",
    "desc_ordem_producao": "",
    "codigo_produto": "",
    "detalhes": "",
    "qtde": "",
    "dt_conclusao_estimada": ""
  }
],
[
  {
    "id_ordem": "SEM OP ESPECIFICADA",
    "desc_ordem_producao": "",
    "codigo_produto": "",
    "detalhes": "",
    "qtde": "",
    "dt_conclusao_estimada": ""
  }
],
[
  {
    "id_ordem": "SEM OP ESPECIFICADA",
    "desc_ordem_producao": "",
    "codigo_produto": "",
    "detalhes": "",
    "qtde": "",
    "dt_conclusao_estimada": ""
  }
],
[
  {
    "id_ordem": "SEM OP ESPECIFICADA",
    "desc_ordem_producao": "",
    "codigo_produto": "",
    "detalhes": "",
    "qtde": "",
    "dt_conclusao_estimada": ""
  }
],
[
  {
    "id_ordem": "SEM OP ESPECIFICADA",
    "desc_ordem_producao": "",
    "codigo_produto": "",
    "detalhes": "",
    "qtde": "",
    "dt_conclusao_estimada": ""
  }
],
[
  {
    "id_ordem": "ORDEMPROD-0001",
    "desc_ordem_producao": "Ordem de Produção 001",
    "codigo_produto": "01-01-00001",
    "detalhes": "ABC-123",
    "qtde": "5",
    "dt_conclusao_estimada": "2025-10-20"
  },
  {
    "id_ordem": "ORDEMPROD-0002",
    "desc_ordem_producao": "Ordem de Produção 002",
    "codigo_produto": "01-01-00002",
    "detalhes": "ABC-123",
    "qtde": "3",
    "dt_conclusao_estimada": "2025-10-20"
  },
  {
    "id_ordem": "ORDEMPROD-0003",
    "desc_ordem_producao": "Ordem de Produção 003",
    "codigo_produto": "01-01-00003",
    "detalhes": "ABC-123",
    "qtde": "5000",
    "dt_conclusao_estimada": "2025-10-20"
  }
],
[
  {
    "id_ordem": "SEM OP ESPECIFICADA",
    "desc_ordem_producao": "",
    "codigo_produto": "",
    "detalhes": "",
    "qtde": "",
    "dt_conclusao_estimada": ""
  }
],
[
  {
    "id_ordem": "SEM OP ESPECIFICADA",
    "desc_ordem_producao": "",
    "codigo_produto": "",
    "detalhes": "",
    "qtde": "",
    "dt_conclusao_estimada": ""
  }
],
[
  {
    "id_ordem": "SEM OP ESPECIFICADA",
    "desc_ordem_producao": "",
    "codigo_produto": "",
    "detalhes": "",
    "qtde": "",
    "dt_conclusao_estimada": ""
  }
],
[
  {
    "id_ordem": "SEM OP ESPECIFICADA",
    "desc_ordem_producao": "",
    "codigo_produto": "",
    "detalhes": "",
    "qtde": "",
    "dt_conclusao_estimada": ""
  }
],
[
  {
    "id_ordem": "ORDEMPROD-0001",
    "desc_ordem_producao": "Ordem de Produção 001",
    "codigo_produto": "01-01-00001",
    "detalhes": "ABC-123",
    "qtde": "5",
    "dt_conclusao_estimada": "2025-10-20"
  },
  {
    "id_ordem": "ORDEMPROD-0002",
    "desc_ordem_producao": "Ordem de Produção 002",
    "codigo_produto": "01-01-00002",
    "detalhes": "ABC-123",
    "qtde": "3",
    "dt_conclusao_estimada": "2025-10-20"
  },
  {
    "id_ordem": "ORDEMPROD-0003",
    "desc_ordem_producao": "Ordem de Produção 003",
    "codigo_produto": "01-01-00003",
    "detalhes": "ABC-123",
    "qtde": "5000",
    "dt_conclusao_estimada": "2025-10-20"
  }
],
