{
  "action": "updated",
  "company_id": "25.342.052/0001-77",
  "type": "history",
  "data": {
    "machine_history_id": "7BF0B8E778854ADCB47F979D2DE46694",
    "machine_id": "REC00015",
    "machine_history_started": "2025-07-07 07:54:38.640574",
    "machine_history_finished": "2025-07-07 07:54:50.458802",
    "machine_history_sensor_status": "OFFLINE",
    "machine_history_production_status": "Parada",
    "machine_history_shift_id": "",
    "machine_history_shift_name": "TURNO PADR\u00c3O",
    "machine_history_shift_start": "2025-07-07 07:00:00.000000",
    "machine_history_shift_avaliable": "Dispon\u00edvel",
    "machine_history_shift_date_to_report": "2025-07-07 00:00:00.000000",
    "machine_history_shift_end": "2025-07-07 17:00:00.000000",
    "machine_history_user_shop_floor_id": "",
    "machine_history_production_title": "",
    "machine_history_user_shop_floor_name": "",
    "machine_history_production_id": "",
    "machine_history_downtime_id": "10",
    "machine_history_downtime_name": "Micro Parada",
    "machine_history_total_time": 0.003283,
    "machine_history_obs": "",
    "machine_history_missing_information": "false",
    "machine_history_description_missing_information": "",
    "machine_history_only_downtime": "true",
    "machine_history_only_production": "false",
    "machine_history_started_report": "2025-07-07 07:54:38.640574",
    "machine_history_finished_report": "2025-07-07 07:54:50.458802"
  },
  "NAME": "WEBH-001210"
},

{
  "action": "updated",
  "company_id": "25.342.052/0001-77",
  "type": "history",
  "data": {
    "machine_history_id": "2A6A55037F254576A44025823AF589F7",
    "machine_id": "REC00015",
    "machine_history_started": "2025-07-07 07:54:50.458802",
    "machine_history_finished": "2025-07-07 07:56:32.078525",
    "machine_history_sensor_status": "ACTIVE",
    "machine_history_production_status": "Producao",
    "machine_history_shift_id": "",
    "machine_history_shift_name": "TURNO PADR\u00c3O",
    "machine_history_shift_start": "2025-07-07 07:00:00.000000",
    "machine_history_shift_avaliable": "Dispon\u00edvel",
    "machine_history_shift_date_to_report": "2025-07-07 00:00:00.000000",
    "machine_history_shift_end": "2025-07-07 17:00:00.000000",
    "machine_history_user_shop_floor_id": "",
    "machine_history_production_title": "",
    "machine_history_user_shop_floor_name": "",
    "machine_history_production_id": "",
    "machine_history_downtime_id": "",
    "machine_history_downtime_name": "",
    "machine_history_total_time": 0.028228,
    "machine_history_obs": "",
    "machine_history_missing_information": "true",
    "machine_history_description_missing_information": "",
    "machine_history_only_downtime": "false",
    "machine_history_only_production": "true",
    "machine_history_started_report": "2025-07-07 07:54:50.458802",
    "machine_history_finished_report": "2025-07-07 07:56:32.078525"
  },
  "NAME": "WEBH-001211"
},

{
  "action": "updated",
  "company_id": "25.342.052/0001-77",
  "type": "history",
  "data": {
    "machine_history_id": "8DA9DEB1F80A48EA9D8471B38C256C40",
    "machine_id": "REC00015",
    "machine_history_started": "2025-07-07 07:56:32.078525",
    "machine_history_finished": "2025-07-07 07:56:39.391300",
    "machine_history_sensor_status": "ACTIVE",
    "machine_history_production_status": "Parada",
    "machine_history_shift_id": "",
    "machine_history_shift_name": "TURNO PADR\u00c3O",
    "machine_history_shift_start": "2025-07-07 07:00:00.000000",
    "machine_history_shift_avaliable": "Dispon\u00edvel",
    "machine_history_shift_date_to_report": "2025-07-07 00:00:00.000000",
    "machine_history_shift_end": "2025-07-07 17:00:00.000000",
    "machine_history_user_shop_floor_id": "",
    "machine_history_production_title": "",
    "machine_history_user_shop_floor_name": "",
    "machine_history_production_id": "ORDEMPROD-0002",
    "machine_history_downtime_id": "10",
    "machine_history_downtime_name": "Micro Parada",
    "machine_history_total_time": 0.002031,
    "machine_history_obs": "",
    "machine_history_missing_information": "true",
    "machine_history_description_missing_information": "",
    "machine_history_only_downtime": "true",
    "machine_history_only_production": "false",
    "machine_history_started_report": "2025-07-07 07:56:32.078525",
    "machine_history_finished_report": "2025-07-07 07:56:39.391300"
  },
  "NAME": "WEBH-001212"
},

